PREHOOK: query: DROP TABLE text_llap
PREHOOK: type: DROPTABLE
POSTHOOK: query: DROP TABLE text_llap
POSTHOOK: type: DROPTABLE
PREHOOK: query: CREATE TABLE text_llap(
    ctinyint TINYINT,
    csmallint SMALLINT,
    cint INT,
    cbigint BIGINT,
    cfloat FLOAT,
    cdouble DOUBLE,
    cstring1 STRING,
    cstring2 STRING,
    ctimestamp1 TIMESTAMP,
    ctimestamp2 TIMESTAMP,
    cboolean1 BOOLEAN,
    cboolean2 BOOLEAN)
row format serde 'org.apache.hadoop.hive.serde2.lazy.LazySimpleSerDe'
 stored as inputformat "org.apache.hadoop.hive.llap.io.decode.LlapTextInputFormat" 
 outputformat "org.apache.hadoop.hive.ql.io.HiveIgnoreKeyTextOutputFormat"
PREHOOK: type: CREATETABLE
PREHOOK: Output: database:default
PREHOOK: Output: default@text_llap
POSTHOOK: query: CREATE TABLE text_llap(
    ctinyint TINYINT,
    csmallint SMALLINT,
    cint INT,
    cbigint BIGINT,
    cfloat FLOAT,
    cdouble DOUBLE,
    cstring1 STRING,
    cstring2 STRING,
    ctimestamp1 TIMESTAMP,
    ctimestamp2 TIMESTAMP,
    cboolean1 BOOLEAN,
    cboolean2 BOOLEAN)
row format serde 'org.apache.hadoop.hive.serde2.lazy.LazySimpleSerDe'
 stored as inputformat "org.apache.hadoop.hive.llap.io.decode.LlapTextInputFormat" 
 outputformat "org.apache.hadoop.hive.ql.io.HiveIgnoreKeyTextOutputFormat"
POSTHOOK: type: CREATETABLE
POSTHOOK: Output: database:default
POSTHOOK: Output: default@text_llap
PREHOOK: query: alter table text_llap set serde 'org.apache.hadoop.hive.serde2.lazy.LazySimpleSerDe'
PREHOOK: type: ALTERTABLE_SERIALIZER
PREHOOK: Input: default@text_llap
PREHOOK: Output: default@text_llap
POSTHOOK: query: alter table text_llap set serde 'org.apache.hadoop.hive.serde2.lazy.LazySimpleSerDe'
POSTHOOK: type: ALTERTABLE_SERIALIZER
POSTHOOK: Input: default@text_llap
POSTHOOK: Output: default@text_llap
PREHOOK: query: insert into table text_llap
select ctinyint, csmallint, cint, cbigint, cfloat, cdouble, cstring1, cstring2, ctimestamp1, ctimestamp2, cboolean1, cboolean2 from alltypesorc 
where cboolean2 is not null or cstring1 is not null or ctinyint is not null
PREHOOK: type: QUERY
PREHOOK: Input: default@alltypesorc
PREHOOK: Output: default@text_llap
POSTHOOK: query: insert into table text_llap
select ctinyint, csmallint, cint, cbigint, cfloat, cdouble, cstring1, cstring2, ctimestamp1, ctimestamp2, cboolean1, cboolean2 from alltypesorc 
where cboolean2 is not null or cstring1 is not null or ctinyint is not null
POSTHOOK: type: QUERY
POSTHOOK: Input: default@alltypesorc
POSTHOOK: Output: default@text_llap
POSTHOOK: Lineage: text_llap.cbigint SIMPLE [(alltypesorc)alltypesorc.FieldSchema(name:cbigint, type:bigint, comment:null), ]
POSTHOOK: Lineage: text_llap.cboolean1 SIMPLE [(alltypesorc)alltypesorc.FieldSchema(name:cboolean1, type:boolean, comment:null), ]
POSTHOOK: Lineage: text_llap.cboolean2 SIMPLE [(alltypesorc)alltypesorc.FieldSchema(name:cboolean2, type:boolean, comment:null), ]
POSTHOOK: Lineage: text_llap.cdouble SIMPLE [(alltypesorc)alltypesorc.FieldSchema(name:cdouble, type:double, comment:null), ]
POSTHOOK: Lineage: text_llap.cfloat SIMPLE [(alltypesorc)alltypesorc.FieldSchema(name:cfloat, type:float, comment:null), ]
POSTHOOK: Lineage: text_llap.cint SIMPLE [(alltypesorc)alltypesorc.FieldSchema(name:cint, type:int, comment:null), ]
POSTHOOK: Lineage: text_llap.csmallint SIMPLE [(alltypesorc)alltypesorc.FieldSchema(name:csmallint, type:smallint, comment:null), ]
POSTHOOK: Lineage: text_llap.cstring1 SIMPLE [(alltypesorc)alltypesorc.FieldSchema(name:cstring1, type:string, comment:null), ]
POSTHOOK: Lineage: text_llap.cstring2 SIMPLE [(alltypesorc)alltypesorc.FieldSchema(name:cstring2, type:string, comment:null), ]
POSTHOOK: Lineage: text_llap.ctimestamp1 SIMPLE [(alltypesorc)alltypesorc.FieldSchema(name:ctimestamp1, type:timestamp, comment:null), ]
POSTHOOK: Lineage: text_llap.ctimestamp2 SIMPLE [(alltypesorc)alltypesorc.FieldSchema(name:ctimestamp2, type:timestamp, comment:null), ]
POSTHOOK: Lineage: text_llap.ctinyint SIMPLE [(alltypesorc)alltypesorc.FieldSchema(name:ctinyint, type:tinyint, comment:null), ]
PREHOOK: query: create table text_llap1 like text_llap
PREHOOK: type: CREATETABLE
PREHOOK: Output: database:default
PREHOOK: Output: default@text_llap1
POSTHOOK: query: create table text_llap1 like text_llap
POSTHOOK: type: CREATETABLE
POSTHOOK: Output: database:default
POSTHOOK: Output: default@text_llap1
PREHOOK: query: create table text_llap100 like text_llap
PREHOOK: type: CREATETABLE
PREHOOK: Output: database:default
PREHOOK: Output: default@text_llap100
POSTHOOK: query: create table text_llap100 like text_llap
POSTHOOK: type: CREATETABLE
POSTHOOK: Output: database:default
POSTHOOK: Output: default@text_llap100
PREHOOK: query: create table text_llap1000 like text_llap
PREHOOK: type: CREATETABLE
PREHOOK: Output: database:default
PREHOOK: Output: default@text_llap1000
POSTHOOK: query: create table text_llap1000 like text_llap
POSTHOOK: type: CREATETABLE
POSTHOOK: Output: database:default
POSTHOOK: Output: default@text_llap1000
PREHOOK: query: insert into table text_llap1
select ctinyint, csmallint, cint, cbigint, cfloat, cdouble, cstring1, cstring2, ctimestamp1, ctimestamp2, cboolean1, cboolean2 from alltypesorc 
where cboolean2 is not null or cstring1 is not null or ctinyint is not null limit 1
PREHOOK: type: QUERY
PREHOOK: Input: default@alltypesorc
PREHOOK: Output: default@text_llap1
POSTHOOK: query: insert into table text_llap1
select ctinyint, csmallint, cint, cbigint, cfloat, cdouble, cstring1, cstring2, ctimestamp1, ctimestamp2, cboolean1, cboolean2 from alltypesorc 
where cboolean2 is not null or cstring1 is not null or ctinyint is not null limit 1
POSTHOOK: type: QUERY
POSTHOOK: Input: default@alltypesorc
POSTHOOK: Output: default@text_llap1
POSTHOOK: Lineage: text_llap1.cbigint SIMPLE [(alltypesorc)alltypesorc.FieldSchema(name:cbigint, type:bigint, comment:null), ]
POSTHOOK: Lineage: text_llap1.cboolean1 SIMPLE [(alltypesorc)alltypesorc.FieldSchema(name:cboolean1, type:boolean, comment:null), ]
POSTHOOK: Lineage: text_llap1.cboolean2 SIMPLE [(alltypesorc)alltypesorc.FieldSchema(name:cboolean2, type:boolean, comment:null), ]
POSTHOOK: Lineage: text_llap1.cdouble SIMPLE [(alltypesorc)alltypesorc.FieldSchema(name:cdouble, type:double, comment:null), ]
POSTHOOK: Lineage: text_llap1.cfloat SIMPLE [(alltypesorc)alltypesorc.FieldSchema(name:cfloat, type:float, comment:null), ]
POSTHOOK: Lineage: text_llap1.cint SIMPLE [(alltypesorc)alltypesorc.FieldSchema(name:cint, type:int, comment:null), ]
POSTHOOK: Lineage: text_llap1.csmallint SIMPLE [(alltypesorc)alltypesorc.FieldSchema(name:csmallint, type:smallint, comment:null), ]
POSTHOOK: Lineage: text_llap1.cstring1 SIMPLE [(alltypesorc)alltypesorc.FieldSchema(name:cstring1, type:string, comment:null), ]
POSTHOOK: Lineage: text_llap1.cstring2 SIMPLE [(alltypesorc)alltypesorc.FieldSchema(name:cstring2, type:string, comment:null), ]
POSTHOOK: Lineage: text_llap1.ctimestamp1 SIMPLE [(alltypesorc)alltypesorc.FieldSchema(name:ctimestamp1, type:timestamp, comment:null), ]
POSTHOOK: Lineage: text_llap1.ctimestamp2 SIMPLE [(alltypesorc)alltypesorc.FieldSchema(name:ctimestamp2, type:timestamp, comment:null), ]
POSTHOOK: Lineage: text_llap1.ctinyint SIMPLE [(alltypesorc)alltypesorc.FieldSchema(name:ctinyint, type:tinyint, comment:null), ]
PREHOOK: query: insert into table text_llap100
select ctinyint, csmallint, cint, cbigint, cfloat, cdouble, cstring1, cstring2, ctimestamp1, ctimestamp2, cboolean1, cboolean2 from alltypesorc 
where cboolean2 is not null or cstring1 is not null or ctinyint is not null limit 100
PREHOOK: type: QUERY
PREHOOK: Input: default@alltypesorc
PREHOOK: Output: default@text_llap100
POSTHOOK: query: insert into table text_llap100
select ctinyint, csmallint, cint, cbigint, cfloat, cdouble, cstring1, cstring2, ctimestamp1, ctimestamp2, cboolean1, cboolean2 from alltypesorc 
where cboolean2 is not null or cstring1 is not null or ctinyint is not null limit 100
POSTHOOK: type: QUERY
POSTHOOK: Input: default@alltypesorc
POSTHOOK: Output: default@text_llap100
POSTHOOK: Lineage: text_llap100.cbigint SIMPLE [(alltypesorc)alltypesorc.FieldSchema(name:cbigint, type:bigint, comment:null), ]
POSTHOOK: Lineage: text_llap100.cboolean1 SIMPLE [(alltypesorc)alltypesorc.FieldSchema(name:cboolean1, type:boolean, comment:null), ]
POSTHOOK: Lineage: text_llap100.cboolean2 SIMPLE [(alltypesorc)alltypesorc.FieldSchema(name:cboolean2, type:boolean, comment:null), ]
POSTHOOK: Lineage: text_llap100.cdouble SIMPLE [(alltypesorc)alltypesorc.FieldSchema(name:cdouble, type:double, comment:null), ]
POSTHOOK: Lineage: text_llap100.cfloat SIMPLE [(alltypesorc)alltypesorc.FieldSchema(name:cfloat, type:float, comment:null), ]
POSTHOOK: Lineage: text_llap100.cint SIMPLE [(alltypesorc)alltypesorc.FieldSchema(name:cint, type:int, comment:null), ]
POSTHOOK: Lineage: text_llap100.csmallint SIMPLE [(alltypesorc)alltypesorc.FieldSchema(name:csmallint, type:smallint, comment:null), ]
POSTHOOK: Lineage: text_llap100.cstring1 SIMPLE [(alltypesorc)alltypesorc.FieldSchema(name:cstring1, type:string, comment:null), ]
POSTHOOK: Lineage: text_llap100.cstring2 SIMPLE [(alltypesorc)alltypesorc.FieldSchema(name:cstring2, type:string, comment:null), ]
POSTHOOK: Lineage: text_llap100.ctimestamp1 SIMPLE [(alltypesorc)alltypesorc.FieldSchema(name:ctimestamp1, type:timestamp, comment:null), ]
POSTHOOK: Lineage: text_llap100.ctimestamp2 SIMPLE [(alltypesorc)alltypesorc.FieldSchema(name:ctimestamp2, type:timestamp, comment:null), ]
POSTHOOK: Lineage: text_llap100.ctinyint SIMPLE [(alltypesorc)alltypesorc.FieldSchema(name:ctinyint, type:tinyint, comment:null), ]
PREHOOK: query: insert into table text_llap1000
select ctinyint, csmallint, cint, cbigint, cfloat, cdouble, cstring1, cstring2, ctimestamp1, ctimestamp2, cboolean1, cboolean2 from alltypesorc 
where cboolean2 is not null or cstring1 is not null or ctinyint is not null limit 1000
PREHOOK: type: QUERY
PREHOOK: Input: default@alltypesorc
PREHOOK: Output: default@text_llap1000
POSTHOOK: query: insert into table text_llap1000
select ctinyint, csmallint, cint, cbigint, cfloat, cdouble, cstring1, cstring2, ctimestamp1, ctimestamp2, cboolean1, cboolean2 from alltypesorc 
where cboolean2 is not null or cstring1 is not null or ctinyint is not null limit 1000
POSTHOOK: type: QUERY
POSTHOOK: Input: default@alltypesorc
POSTHOOK: Output: default@text_llap1000
POSTHOOK: Lineage: text_llap1000.cbigint SIMPLE [(alltypesorc)alltypesorc.FieldSchema(name:cbigint, type:bigint, comment:null), ]
POSTHOOK: Lineage: text_llap1000.cboolean1 SIMPLE [(alltypesorc)alltypesorc.FieldSchema(name:cboolean1, type:boolean, comment:null), ]
POSTHOOK: Lineage: text_llap1000.cboolean2 SIMPLE [(alltypesorc)alltypesorc.FieldSchema(name:cboolean2, type:boolean, comment:null), ]
POSTHOOK: Lineage: text_llap1000.cdouble SIMPLE [(alltypesorc)alltypesorc.FieldSchema(name:cdouble, type:double, comment:null), ]
POSTHOOK: Lineage: text_llap1000.cfloat SIMPLE [(alltypesorc)alltypesorc.FieldSchema(name:cfloat, type:float, comment:null), ]
POSTHOOK: Lineage: text_llap1000.cint SIMPLE [(alltypesorc)alltypesorc.FieldSchema(name:cint, type:int, comment:null), ]
POSTHOOK: Lineage: text_llap1000.csmallint SIMPLE [(alltypesorc)alltypesorc.FieldSchema(name:csmallint, type:smallint, comment:null), ]
POSTHOOK: Lineage: text_llap1000.cstring1 SIMPLE [(alltypesorc)alltypesorc.FieldSchema(name:cstring1, type:string, comment:null), ]
POSTHOOK: Lineage: text_llap1000.cstring2 SIMPLE [(alltypesorc)alltypesorc.FieldSchema(name:cstring2, type:string, comment:null), ]
POSTHOOK: Lineage: text_llap1000.ctimestamp1 SIMPLE [(alltypesorc)alltypesorc.FieldSchema(name:ctimestamp1, type:timestamp, comment:null), ]
POSTHOOK: Lineage: text_llap1000.ctimestamp2 SIMPLE [(alltypesorc)alltypesorc.FieldSchema(name:ctimestamp2, type:timestamp, comment:null), ]
POSTHOOK: Lineage: text_llap1000.ctinyint SIMPLE [(alltypesorc)alltypesorc.FieldSchema(name:ctinyint, type:tinyint, comment:null), ]
PREHOOK: query: select ctinyint, cstring1, cboolean2 from text_llap100 order by ctinyint, cstring1, cboolean2
PREHOOK: type: QUERY
PREHOOK: Input: default@text_llap100
#### A masked pattern was here ####
POSTHOOK: query: select ctinyint, cstring1, cboolean2 from text_llap100 order by ctinyint, cstring1, cboolean2
POSTHOOK: type: QUERY
POSTHOOK: Input: default@text_llap100
#### A masked pattern was here ####
NULL	cvLH6Eat2yFsyy7p	NULL
NULL	cvLH6Eat2yFsyy7p	NULL
-62	cvLH6Eat2yFsyy7p	NULL
-59	cvLH6Eat2yFsyy7p	NULL
-57	cvLH6Eat2yFsyy7p	NULL
-56	cvLH6Eat2yFsyy7p	NULL
-56	cvLH6Eat2yFsyy7p	NULL
-55	cvLH6Eat2yFsyy7p	NULL
-55	cvLH6Eat2yFsyy7p	NULL
-54	cvLH6Eat2yFsyy7p	NULL
-53	cvLH6Eat2yFsyy7p	NULL
-51	cvLH6Eat2yFsyy7p	NULL
-50	cvLH6Eat2yFsyy7p	NULL
-48	cvLH6Eat2yFsyy7p	NULL
-48	cvLH6Eat2yFsyy7p	NULL
-47	cvLH6Eat2yFsyy7p	NULL
-45	cvLH6Eat2yFsyy7p	NULL
-45	cvLH6Eat2yFsyy7p	NULL
-44	cvLH6Eat2yFsyy7p	NULL
-43	cvLH6Eat2yFsyy7p	NULL
-40	cvLH6Eat2yFsyy7p	NULL
-37	cvLH6Eat2yFsyy7p	NULL
-36	cvLH6Eat2yFsyy7p	NULL
-34	cvLH6Eat2yFsyy7p	NULL
-34	cvLH6Eat2yFsyy7p	NULL
-33	cvLH6Eat2yFsyy7p	NULL
-33	cvLH6Eat2yFsyy7p	NULL
-32	cvLH6Eat2yFsyy7p	NULL
-30	cvLH6Eat2yFsyy7p	NULL
-28	cvLH6Eat2yFsyy7p	NULL
-28	cvLH6Eat2yFsyy7p	NULL
-24	cvLH6Eat2yFsyy7p	NULL
-23	cvLH6Eat2yFsyy7p	NULL
-23	cvLH6Eat2yFsyy7p	NULL
-23	cvLH6Eat2yFsyy7p	NULL
-22	cvLH6Eat2yFsyy7p	NULL
-22	cvLH6Eat2yFsyy7p	NULL
-22	cvLH6Eat2yFsyy7p	NULL
-21	cvLH6Eat2yFsyy7p	NULL
-21	cvLH6Eat2yFsyy7p	NULL
-19	cvLH6Eat2yFsyy7p	NULL
-16	cvLH6Eat2yFsyy7p	NULL
-16	cvLH6Eat2yFsyy7p	NULL
-13	cvLH6Eat2yFsyy7p	NULL
-12	cvLH6Eat2yFsyy7p	NULL
-11	cvLH6Eat2yFsyy7p	NULL
-11	cvLH6Eat2yFsyy7p	NULL
-11	cvLH6Eat2yFsyy7p	NULL
-7	cvLH6Eat2yFsyy7p	NULL
-5	cvLH6Eat2yFsyy7p	NULL
-5	cvLH6Eat2yFsyy7p	NULL
-5	cvLH6Eat2yFsyy7p	NULL
-4	cvLH6Eat2yFsyy7p	NULL
-4	cvLH6Eat2yFsyy7p	NULL
-1	cvLH6Eat2yFsyy7p	NULL
0	cvLH6Eat2yFsyy7p	NULL
0	cvLH6Eat2yFsyy7p	NULL
2	cvLH6Eat2yFsyy7p	NULL
4	cvLH6Eat2yFsyy7p	NULL
5	cvLH6Eat2yFsyy7p	NULL
8	cvLH6Eat2yFsyy7p	NULL
9	cvLH6Eat2yFsyy7p	NULL
10	cvLH6Eat2yFsyy7p	NULL
13	cvLH6Eat2yFsyy7p	NULL
16	cvLH6Eat2yFsyy7p	NULL
18	cvLH6Eat2yFsyy7p	NULL
19	cvLH6Eat2yFsyy7p	NULL
21	cvLH6Eat2yFsyy7p	NULL
24	cvLH6Eat2yFsyy7p	NULL
24	cvLH6Eat2yFsyy7p	NULL
26	cvLH6Eat2yFsyy7p	NULL
27	cvLH6Eat2yFsyy7p	NULL
27	cvLH6Eat2yFsyy7p	NULL
28	cvLH6Eat2yFsyy7p	NULL
29	cvLH6Eat2yFsyy7p	NULL
29	cvLH6Eat2yFsyy7p	NULL
30	cvLH6Eat2yFsyy7p	NULL
31	cvLH6Eat2yFsyy7p	NULL
31	cvLH6Eat2yFsyy7p	NULL
34	cvLH6Eat2yFsyy7p	NULL
34	cvLH6Eat2yFsyy7p	NULL
36	cvLH6Eat2yFsyy7p	NULL
36	cvLH6Eat2yFsyy7p	NULL
38	cvLH6Eat2yFsyy7p	NULL
38	cvLH6Eat2yFsyy7p	NULL
38	cvLH6Eat2yFsyy7p	NULL
39	cvLH6Eat2yFsyy7p	NULL
40	cvLH6Eat2yFsyy7p	NULL
40	cvLH6Eat2yFsyy7p	NULL
41	cvLH6Eat2yFsyy7p	NULL
43	cvLH6Eat2yFsyy7p	NULL
46	cvLH6Eat2yFsyy7p	NULL
51	cvLH6Eat2yFsyy7p	NULL
51	cvLH6Eat2yFsyy7p	NULL
53	cvLH6Eat2yFsyy7p	NULL
53	cvLH6Eat2yFsyy7p	NULL
61	cvLH6Eat2yFsyy7p	NULL
61	cvLH6Eat2yFsyy7p	NULL
61	cvLH6Eat2yFsyy7p	NULL
62	cvLH6Eat2yFsyy7p	NULL
PREHOOK: query: select * from text_llap100 order by cint, cstring1, cstring2
PREHOOK: type: QUERY
PREHOOK: Input: default@text_llap100
#### A masked pattern was here ####
POSTHOOK: query: select * from text_llap100 order by cint, cstring1, cstring2
POSTHOOK: type: QUERY
POSTHOOK: Input: default@text_llap100
#### A masked pattern was here ####
-50	-13326	528534767	NULL	-50.0	-13326.0	cvLH6Eat2yFsyy7p	NULL	1969-12-31 15:59:46.674	1969-12-31 16:00:08.875	true	NULL
NULL	-4213	528534767	NULL	NULL	-4213.0	cvLH6Eat2yFsyy7p	NULL	NULL	1969-12-31 16:00:13.589	true	NULL
-28	-15813	528534767	NULL	-28.0	-15813.0	cvLH6Eat2yFsyy7p	NULL	1969-12-31 15:59:55.787	1969-12-31 16:00:01.546	true	NULL
31	-9566	528534767	NULL	31.0	-9566.0	cvLH6Eat2yFsyy7p	NULL	1969-12-31 15:59:44.187	1969-12-31 16:00:06.961	true	NULL
-34	15007	528534767	NULL	-34.0	15007.0	cvLH6Eat2yFsyy7p	NULL	1969-12-31 15:59:50.434	1969-12-31 16:00:13.352	true	NULL
29	7021	528534767	NULL	29.0	7021.0	cvLH6Eat2yFsyy7p	NULL	1969-12-31 16:00:15.007	1969-12-31 16:00:15.148	true	NULL
31	4963	528534767	NULL	31.0	4963.0	cvLH6Eat2yFsyy7p	NULL	1969-12-31 16:00:07.021	1969-12-31 16:00:02.997	true	NULL
27	-7824	528534767	NULL	27.0	-7824.0	cvLH6Eat2yFsyy7p	NULL	1969-12-31 16:00:04.963	1969-12-31 15:59:56.474	true	NULL
-11	-15431	528534767	NULL	-11.0	-15431.0	cvLH6Eat2yFsyy7p	NULL	1969-12-31 15:59:52.176	1969-12-31 16:00:07.787	true	NULL
61	-15549	528534767	NULL	61.0	-15549.0	cvLH6Eat2yFsyy7p	NULL	1969-12-31 15:59:44.569	1969-12-31 15:59:51.665	true	NULL
16	5780	528534767	NULL	16.0	5780.0	cvLH6Eat2yFsyy7p	NULL	1969-12-31 15:59:44.451	1969-12-31 16:00:12.752	true	NULL
5	14625	528534767	NULL	5.0	14625.0	cvLH6Eat2yFsyy7p	NULL	1969-12-31 16:00:05.78	1969-12-31 16:00:15.34	true	NULL
-23	13026	528534767	NULL	-23.0	13026.0	cvLH6Eat2yFsyy7p	NULL	1969-12-31 16:00:14.625	1969-12-31 16:00:10.77	true	NULL
-51	-12083	528534767	NULL	-51.0	-12083.0	cvLH6Eat2yFsyy7p	NULL	1969-12-31 16:00:13.026	1969-12-31 16:00:02.52	true	NULL
-11	9472	528534767	NULL	-11.0	9472.0	cvLH6Eat2yFsyy7p	NULL	1969-12-31 15:59:47.917	1969-12-31 16:00:03.716	true	NULL
-48	-7735	528534767	NULL	-48.0	-7735.0	cvLH6Eat2yFsyy7p	NULL	1969-12-31 16:00:09.472	1969-12-31 16:00:00.8	true	NULL
-62	10	528534767	NULL	-62.0	10.0	cvLH6Eat2yFsyy7p	NULL	1969-12-31 15:59:52.265	1969-12-31 15:59:56.584	true	NULL
-45	5521	528534767	NULL	-45.0	5521.0	cvLH6Eat2yFsyy7p	NULL	1969-12-31 16:00:00.01	1969-12-31 15:59:48.553	true	NULL
40	-1724	528534767	NULL	40.0	-1724.0	cvLH6Eat2yFsyy7p	NULL	1969-12-31 16:00:05.521	1969-12-31 15:59:57.835	true	NULL
39	-10909	528534767	NULL	39.0	-10909.0	cvLH6Eat2yFsyy7p	NULL	1969-12-31 15:59:58.276	1969-12-31 16:00:12.738	true	NULL
-32	11242	528534767	NULL	-32.0	11242.0	cvLH6Eat2yFsyy7p	NULL	1969-12-31 15:59:49.091	1969-12-31 15:59:55.681	true	NULL
-56	8353	528534767	NULL	-56.0	8353.0	cvLH6Eat2yFsyy7p	NULL	1969-12-31 16:00:11.242	1969-12-31 15:59:46.526	true	NULL
-7	2541	528534767	NULL	-7.0	2541.0	cvLH6Eat2yFsyy7p	NULL	1969-12-31 16:00:08.353	1969-12-31 15:59:57.374	true	NULL
24	4432	528534767	NULL	24.0	4432.0	cvLH6Eat2yFsyy7p	NULL	1969-12-31 16:00:02.541	1969-12-31 16:00:10.895	true	NULL
36	-15912	528534767	NULL	36.0	-15912.0	cvLH6Eat2yFsyy7p	NULL	1969-12-31 16:00:04.432	1969-12-31 16:00:04.376	true	NULL
-23	-10154	528534767	NULL	-23.0	-10154.0	cvLH6Eat2yFsyy7p	NULL	1969-12-31 15:59:44.088	1969-12-31 15:59:56.086	true	NULL
-55	-7449	528534767	NULL	-55.0	-7449.0	cvLH6Eat2yFsyy7p	NULL	1969-12-31 15:59:49.846	1969-12-31 15:59:55.75	true	NULL
-11	7476	528534767	NULL	-11.0	7476.0	cvLH6Eat2yFsyy7p	NULL	1969-12-31 15:59:52.551	1969-12-31 15:59:57.567	true	NULL
51	-4490	528534767	NULL	51.0	-4490.0	cvLH6Eat2yFsyy7p	NULL	1969-12-31 16:00:07.476	1969-12-31 15:59:49.318	true	NULL
-24	163	528534767	NULL	-24.0	163.0	cvLH6Eat2yFsyy7p	NULL	1969-12-31 15:59:55.51	1969-12-31 16:00:04.014	true	NULL
-44	-1299	528534767	NULL	-44.0	-1299.0	cvLH6Eat2yFsyy7p	NULL	1969-12-31 16:00:00.163	1969-12-31 15:59:47.687	true	NULL
8	7860	528534767	NULL	8.0	7860.0	cvLH6Eat2yFsyy7p	NULL	1969-12-31 15:59:58.701	1969-12-31 16:00:01.97	true	NULL
24	-4812	528534767	NULL	24.0	-4812.0	cvLH6Eat2yFsyy7p	NULL	1969-12-31 16:00:07.86	1969-12-31 15:59:55	true	NULL
4	-14739	528534767	NULL	4.0	-14739.0	cvLH6Eat2yFsyy7p	NULL	1969-12-31 15:59:55.188	1969-12-31 16:00:15.26	true	NULL
-57	-11492	528534767	NULL	-57.0	-11492.0	cvLH6Eat2yFsyy7p	NULL	1969-12-31 15:59:45.261	1969-12-31 16:00:05.306	true	NULL
-22	3856	528534767	NULL	-22.0	3856.0	cvLH6Eat2yFsyy7p	NULL	1969-12-31 15:59:48.508	1969-12-31 15:59:54.534	true	NULL
28	8035	528534767	NULL	28.0	8035.0	cvLH6Eat2yFsyy7p	NULL	1969-12-31 16:00:03.856	1969-12-31 15:59:55.95	true	NULL
-16	-7964	528534767	NULL	-16.0	-7964.0	cvLH6Eat2yFsyy7p	NULL	1969-12-31 16:00:08.035	1969-12-31 16:00:12.464	true	NULL
46	6958	528534767	NULL	46.0	6958.0	cvLH6Eat2yFsyy7p	NULL	1969-12-31 15:59:52.036	1969-12-31 16:00:10.191	true	NULL
29	-1990	528534767	NULL	29.0	-1990.0	cvLH6Eat2yFsyy7p	NULL	1969-12-31 16:00:06.958	1969-12-31 15:59:52.902	true	NULL
-56	8402	528534767	NULL	-56.0	8402.0	cvLH6Eat2yFsyy7p	NULL	1969-12-31 15:59:58.01	1969-12-31 16:00:05.146	true	NULL
-16	-6922	528534767	NULL	-16.0	-6922.0	cvLH6Eat2yFsyy7p	NULL	1969-12-31 16:00:08.402	1969-12-31 15:59:50.561	true	NULL
38	-6583	528534767	NULL	38.0	-6583.0	cvLH6Eat2yFsyy7p	NULL	1969-12-31 15:59:53.078	1969-12-31 16:00:06.722	true	NULL
-54	-10268	528534767	NULL	-54.0	-10268.0	cvLH6Eat2yFsyy7p	NULL	1969-12-31 15:59:53.417	1969-12-31 16:00:00.687	true	NULL
-23	4587	528534767	NULL	-23.0	4587.0	cvLH6Eat2yFsyy7p	NULL	1969-12-31 15:59:49.732	1969-12-31 15:59:48.52	true	NULL
-19	1206	528534767	NULL	-19.0	1206.0	cvLH6Eat2yFsyy7p	NULL	1969-12-31 16:00:04.587	1969-12-31 16:00:08.381	true	NULL
40	-7984	528534767	NULL	40.0	-7984.0	cvLH6Eat2yFsyy7p	NULL	1969-12-31 16:00:01.206	1969-12-31 16:00:02.59	true	NULL
62	6557	528534767	NULL	62.0	6557.0	cvLH6Eat2yFsyy7p	NULL	1969-12-31 15:59:52.016	1969-12-31 16:00:00.367	true	NULL
-34	4181	528534767	NULL	-34.0	4181.0	cvLH6Eat2yFsyy7p	NULL	1969-12-31 16:00:06.557	1969-12-31 16:00:04.869	true	NULL
53	-10129	528534767	NULL	53.0	-10129.0	cvLH6Eat2yFsyy7p	NULL	1969-12-31 16:00:04.181	1969-12-31 16:00:08.061	true	NULL
51	-15790	528534767	NULL	51.0	-15790.0	cvLH6Eat2yFsyy7p	NULL	1969-12-31 15:59:49.871	1969-12-31 15:59:57.821	true	NULL
-4	2617	528534767	NULL	-4.0	2617.0	cvLH6Eat2yFsyy7p	NULL	1969-12-31 15:59:44.21	1969-12-31 15:59:44.733	true	NULL
61	12161	528534767	NULL	61.0	12161.0	cvLH6Eat2yFsyy7p	NULL	1969-12-31 16:00:02.617	1969-12-31 16:00:10.536	true	NULL
19	7952	528534767	NULL	19.0	7952.0	cvLH6Eat2yFsyy7p	NULL	1969-12-31 16:00:12.161	1969-12-31 16:00:00.95	true	NULL
-33	7350	528534767	NULL	-33.0	7350.0	cvLH6Eat2yFsyy7p	NULL	1969-12-31 16:00:07.952	1969-12-31 15:59:48.183	true	NULL
53	-12171	528534767	NULL	53.0	-12171.0	cvLH6Eat2yFsyy7p	NULL	1969-12-31 16:00:07.35	1969-12-31 15:59:57.549	true	NULL
18	-3045	528534767	NULL	18.0	-3045.0	cvLH6Eat2yFsyy7p	NULL	1969-12-31 15:59:47.829	1969-12-31 16:00:05.045	true	NULL
30	-814	528534767	NULL	30.0	-814.0	cvLH6Eat2yFsyy7p	NULL	1969-12-31 15:59:56.955	1969-12-31 16:00:11.799	true	NULL
-36	1639	528534767	NULL	-36.0	1639.0	cvLH6Eat2yFsyy7p	NULL	1969-12-31 16:00:00.186	1969-12-31 16:00:13.098	true	NULL
34	-15059	528534767	NULL	34.0	-15059.0	cvLH6Eat2yFsyy7p	NULL	1969-12-31 16:00:01.639	1969-12-31 16:00:13.206	true	NULL
-55	-7353	528534767	NULL	-55.0	-7353.0	cvLH6Eat2yFsyy7p	NULL	1969-12-31 15:59:44.941	1969-12-31 15:59:54.268	true	NULL
-40	-4463	528534767	NULL	-40.0	-4463.0	cvLH6Eat2yFsyy7p	NULL	1969-12-31 15:59:52.647	1969-12-31 15:59:46.254	true	NULL
21	11737	528534767	NULL	21.0	11737.0	cvLH6Eat2yFsyy7p	NULL	1969-12-31 15:59:55.537	1969-12-31 15:59:45.022	true	NULL
61	-1254	528534767	NULL	61.0	-1254.0	cvLH6Eat2yFsyy7p	NULL	1969-12-31 16:00:11.737	1969-12-31 16:00:12.004	true	NULL
-59	10688	528534767	NULL	-59.0	10688.0	cvLH6Eat2yFsyy7p	NULL	1969-12-31 15:59:58.746	1969-12-31 16:00:15.489	true	NULL
0	-3166	528534767	NULL	0.0	-3166.0	cvLH6Eat2yFsyy7p	NULL	1969-12-31 16:00:10.688	1969-12-31 16:00:01.385	true	NULL
-21	3168	528534767	NULL	-21.0	3168.0	cvLH6Eat2yFsyy7p	NULL	1969-12-31 15:59:56.834	1969-12-31 16:00:13.331	true	NULL
-33	14072	528534767	NULL	-33.0	14072.0	cvLH6Eat2yFsyy7p	NULL	1969-12-31 16:00:03.168	1969-12-31 15:59:55.836	true	NULL
-30	834	528534767	NULL	-30.0	834.0	cvLH6Eat2yFsyy7p	NULL	1969-12-31 16:00:14.072	1969-12-31 16:00:03.004	true	NULL
-5	-13229	528534767	NULL	-5.0	-13229.0	cvLH6Eat2yFsyy7p	NULL	1969-12-31 16:00:00.834	1969-12-31 16:00:00.388	true	NULL
-53	-3419	528534767	NULL	-53.0	-3419.0	cvLH6Eat2yFsyy7p	NULL	1969-12-31 15:59:46.771	1969-12-31 15:59:53.744	true	NULL
34	-4255	528534767	NULL	34.0	-4255.0	cvLH6Eat2yFsyy7p	NULL	1969-12-31 15:59:56.581	1969-12-31 15:59:57.88	true	NULL
-5	12422	528534767	NULL	-5.0	12422.0	cvLH6Eat2yFsyy7p	NULL	1969-12-31 15:59:55.745	1969-12-31 15:59:48.802	true	NULL
27	-14965	528534767	NULL	27.0	-14965.0	cvLH6Eat2yFsyy7p	NULL	1969-12-31 16:00:12.422	1969-12-31 16:00:09.517	true	NULL
NULL	-3012	528534767	NULL	NULL	-3012.0	cvLH6Eat2yFsyy7p	NULL	NULL	1969-12-31 16:00:03.756	true	NULL
-21	-7183	528534767	NULL	-21.0	-7183.0	cvLH6Eat2yFsyy7p	NULL	1969-12-31 15:59:45.035	1969-12-31 16:00:06.182	true	NULL
43	1475	528534767	NULL	43.0	1475.0	cvLH6Eat2yFsyy7p	NULL	1969-12-31 15:59:56.988	1969-12-31 16:00:03.442	true	NULL
41	37	528534767	NULL	41.0	37.0	cvLH6Eat2yFsyy7p	NULL	1969-12-31 15:59:52.817	1969-12-31 15:59:53.672	true	NULL
-28	6453	528534767	NULL	-28.0	6453.0	cvLH6Eat2yFsyy7p	NULL	1969-12-31 16:00:01.475	1969-12-31 16:00:07.828	true	NULL
-5	-14379	528534767	NULL	-5.0	-14379.0	cvLH6Eat2yFsyy7p	NULL	1969-12-31 16:00:00.037	1969-12-31 15:59:49.141	true	NULL
13	1358	528534767	NULL	13.0	1358.0	cvLH6Eat2yFsyy7p	NULL	1969-12-31 16:00:06.453	1969-12-31 16:00:00.423	true	NULL
-45	-14072	528534767	NULL	-45.0	-14072.0	cvLH6Eat2yFsyy7p	NULL	1969-12-31 15:59:45.621	1969-12-31 15:59:45.914	true	NULL
10	9366	528534767	NULL	10.0	9366.0	cvLH6Eat2yFsyy7p	NULL	1969-12-31 16:00:01.358	1969-12-31 15:59:50.592	true	NULL
-22	77	528534767	NULL	-22.0	77.0	cvLH6Eat2yFsyy7p	NULL	1969-12-31 15:59:45.928	1969-12-31 15:59:43.621	true	NULL
38	-4667	528534767	NULL	38.0	-4667.0	cvLH6Eat2yFsyy7p	NULL	1969-12-31 16:00:09.366	1969-12-31 15:59:52.334	true	NULL
-48	13300	528534767	NULL	-48.0	13300.0	cvLH6Eat2yFsyy7p	NULL	1969-12-31 16:00:00.077	1969-12-31 15:59:45.827	true	NULL
2	1345	528534767	NULL	2.0	1345.0	cvLH6Eat2yFsyy7p	NULL	1969-12-31 15:59:55.333	1969-12-31 16:00:00.517	true	NULL
-37	-12472	528534767	NULL	-37.0	-12472.0	cvLH6Eat2yFsyy7p	NULL	1969-12-31 16:00:13.3	1969-12-31 15:59:55.998	true	NULL
-43	486	528534767	NULL	-43.0	486.0	cvLH6Eat2yFsyy7p	NULL	1969-12-31 16:00:01.345	1969-12-31 15:59:52.667	true	NULL
36	14907	528534767	NULL	36.0	14907.0	cvLH6Eat2yFsyy7p	NULL	1969-12-31 15:59:47.528	1969-12-31 15:59:47.206	true	NULL
-1	-75	528534767	NULL	-1.389	-863.257	cvLH6Eat2yFsyy7p	NULL	1969-12-31 15:59:49.331	1969-12-31 16:00:07.585	true	NULL
-12	-2013	528534767	NULL	-12.0	-2013.0	cvLH6Eat2yFsyy7p	NULL	1969-12-31 16:00:14.907	1969-12-31 15:59:58.789	true	NULL
0	15626	528534767	NULL	0.0	15626.0	cvLH6Eat2yFsyy7p	NULL	1969-12-31 16:00:09.566	1969-12-31 16:00:15.217	true	NULL
26	3961	528534767	NULL	26.0	3961.0	cvLH6Eat2yFsyy7p	NULL	1969-12-31 15:59:57.987	1969-12-31 15:59:52.232	true	NULL
-22	8499	528534767	NULL	-22.0	8499.0	cvLH6Eat2yFsyy7p	NULL	1969-12-31 16:00:15.626	1969-12-31 16:00:10.923	true	NULL
9	9169	528534767	NULL	9.0	9169.0	cvLH6Eat2yFsyy7p	NULL	1969-12-31 16:00:03.961	1969-12-31 16:00:14.126	true	NULL
-13	-13372	528534767	NULL	-13.0	-13372.0	cvLH6Eat2yFsyy7p	NULL	1969-12-31 16:00:08.499	1969-12-31 15:59:48.221	true	NULL
38	-11320	528534767	NULL	38.0	-11320.0	cvLH6Eat2yFsyy7p	NULL	1969-12-31 16:00:09.169	1969-12-31 16:00:03.822	true	NULL
-4	-1027	528534767	NULL	-4.0	-1027.0	cvLH6Eat2yFsyy7p	NULL	1969-12-31 15:59:46.628	1969-12-31 16:00:11.413	true	NULL
-47	-2468	528534767	NULL	-47.0	-2468.0	cvLH6Eat2yFsyy7p	NULL	1969-12-31 15:59:48.68	1969-12-31 16:00:02.94	true	NULL
PREHOOK: query: select csmallint, cstring1, cboolean2 from text_llap100 order by csmallint, cstring1, cboolean2
PREHOOK: type: QUERY
PREHOOK: Input: default@text_llap100
#### A masked pattern was here ####
POSTHOOK: query: select csmallint, cstring1, cboolean2 from text_llap100 order by csmallint, cstring1, cboolean2
POSTHOOK: type: QUERY
POSTHOOK: Input: default@text_llap100
#### A masked pattern was here ####
-15912	cvLH6Eat2yFsyy7p	NULL
-15813	cvLH6Eat2yFsyy7p	NULL
-15790	cvLH6Eat2yFsyy7p	NULL
-15549	cvLH6Eat2yFsyy7p	NULL
-15431	cvLH6Eat2yFsyy7p	NULL
-15059	cvLH6Eat2yFsyy7p	NULL
-14965	cvLH6Eat2yFsyy7p	NULL
-14739	cvLH6Eat2yFsyy7p	NULL
-14379	cvLH6Eat2yFsyy7p	NULL
-14072	cvLH6Eat2yFsyy7p	NULL
-13372	cvLH6Eat2yFsyy7p	NULL
-13326	cvLH6Eat2yFsyy7p	NULL
-13229	cvLH6Eat2yFsyy7p	NULL
-12472	cvLH6Eat2yFsyy7p	NULL
-12171	cvLH6Eat2yFsyy7p	NULL
-12083	cvLH6Eat2yFsyy7p	NULL
-11492	cvLH6Eat2yFsyy7p	NULL
-11320	cvLH6Eat2yFsyy7p	NULL
-10909	cvLH6Eat2yFsyy7p	NULL
-10268	cvLH6Eat2yFsyy7p	NULL
-10154	cvLH6Eat2yFsyy7p	NULL
-10129	cvLH6Eat2yFsyy7p	NULL
-9566	cvLH6Eat2yFsyy7p	NULL
-7984	cvLH6Eat2yFsyy7p	NULL
-7964	cvLH6Eat2yFsyy7p	NULL
-7824	cvLH6Eat2yFsyy7p	NULL
-7735	cvLH6Eat2yFsyy7p	NULL
-7449	cvLH6Eat2yFsyy7p	NULL
-7353	cvLH6Eat2yFsyy7p	NULL
-7183	cvLH6Eat2yFsyy7p	NULL
-6922	cvLH6Eat2yFsyy7p	NULL
-6583	cvLH6Eat2yFsyy7p	NULL
-4812	cvLH6Eat2yFsyy7p	NULL
-4667	cvLH6Eat2yFsyy7p	NULL
-4490	cvLH6Eat2yFsyy7p	NULL
-4463	cvLH6Eat2yFsyy7p	NULL
-4255	cvLH6Eat2yFsyy7p	NULL
-4213	cvLH6Eat2yFsyy7p	NULL
-3419	cvLH6Eat2yFsyy7p	NULL
-3166	cvLH6Eat2yFsyy7p	NULL
-3045	cvLH6Eat2yFsyy7p	NULL
-3012	cvLH6Eat2yFsyy7p	NULL
-2468	cvLH6Eat2yFsyy7p	NULL
-2013	cvLH6Eat2yFsyy7p	NULL
-1990	cvLH6Eat2yFsyy7p	NULL
-1724	cvLH6Eat2yFsyy7p	NULL
-1299	cvLH6Eat2yFsyy7p	NULL
-1254	cvLH6Eat2yFsyy7p	NULL
-1027	cvLH6Eat2yFsyy7p	NULL
-814	cvLH6Eat2yFsyy7p	NULL
-75	cvLH6Eat2yFsyy7p	NULL
10	cvLH6Eat2yFsyy7p	NULL
37	cvLH6Eat2yFsyy7p	NULL
77	cvLH6Eat2yFsyy7p	NULL
163	cvLH6Eat2yFsyy7p	NULL
486	cvLH6Eat2yFsyy7p	NULL
834	cvLH6Eat2yFsyy7p	NULL
1206	cvLH6Eat2yFsyy7p	NULL
1345	cvLH6Eat2yFsyy7p	NULL
1358	cvLH6Eat2yFsyy7p	NULL
1475	cvLH6Eat2yFsyy7p	NULL
1639	cvLH6Eat2yFsyy7p	NULL
2541	cvLH6Eat2yFsyy7p	NULL
2617	cvLH6Eat2yFsyy7p	NULL
3168	cvLH6Eat2yFsyy7p	NULL
3856	cvLH6Eat2yFsyy7p	NULL
3961	cvLH6Eat2yFsyy7p	NULL
4181	cvLH6Eat2yFsyy7p	NULL
4432	cvLH6Eat2yFsyy7p	NULL
4587	cvLH6Eat2yFsyy7p	NULL
4963	cvLH6Eat2yFsyy7p	NULL
5521	cvLH6Eat2yFsyy7p	NULL
5780	cvLH6Eat2yFsyy7p	NULL
6453	cvLH6Eat2yFsyy7p	NULL
6557	cvLH6Eat2yFsyy7p	NULL
6958	cvLH6Eat2yFsyy7p	NULL
7021	cvLH6Eat2yFsyy7p	NULL
7350	cvLH6Eat2yFsyy7p	NULL
7476	cvLH6Eat2yFsyy7p	NULL
7860	cvLH6Eat2yFsyy7p	NULL
7952	cvLH6Eat2yFsyy7p	NULL
8035	cvLH6Eat2yFsyy7p	NULL
8353	cvLH6Eat2yFsyy7p	NULL
8402	cvLH6Eat2yFsyy7p	NULL
8499	cvLH6Eat2yFsyy7p	NULL
9169	cvLH6Eat2yFsyy7p	NULL
9366	cvLH6Eat2yFsyy7p	NULL
9472	cvLH6Eat2yFsyy7p	NULL
10688	cvLH6Eat2yFsyy7p	NULL
11242	cvLH6Eat2yFsyy7p	NULL
11737	cvLH6Eat2yFsyy7p	NULL
12161	cvLH6Eat2yFsyy7p	NULL
12422	cvLH6Eat2yFsyy7p	NULL
13026	cvLH6Eat2yFsyy7p	NULL
13300	cvLH6Eat2yFsyy7p	NULL
14072	cvLH6Eat2yFsyy7p	NULL
14625	cvLH6Eat2yFsyy7p	NULL
14907	cvLH6Eat2yFsyy7p	NULL
15007	cvLH6Eat2yFsyy7p	NULL
15626	cvLH6Eat2yFsyy7p	NULL
PREHOOK: query: DROP TABLE text_llap
PREHOOK: type: DROPTABLE
PREHOOK: Input: default@text_llap
PREHOOK: Output: default@text_llap
POSTHOOK: query: DROP TABLE text_llap
POSTHOOK: type: DROPTABLE
POSTHOOK: Input: default@text_llap
POSTHOOK: Output: default@text_llap
